running develop
running egg_info
creating robot_bringup.egg-info
writing robot_bringup.egg-info/PKG-INFO
writing dependency_links to robot_bringup.egg-info/dependency_links.txt
writing requirements to robot_bringup.egg-info/requires.txt
writing top-level names to robot_bringup.egg-info/top_level.txt
writing manifest file 'robot_bringup.egg-info/SOURCES.txt'
reading manifest file 'robot_bringup.egg-info/SOURCES.txt'
writing manifest file 'robot_bringup.egg-info/SOURCES.txt'
running build_ext
Creating /home/swayam/summer_project/src/install/robot_bringup/lib/python3.12/site-packages/robot-bringup.egg-link (link to .)

Installed /home/swayam/summer_project/src/build/robot_bringup
running symlink_data
creating /home/swayam/summer_project/src/install/robot_bringup/share/ament_index
creating /home/swayam/summer_project/src/install/robot_bringup/share/ament_index/resource_index
creating /home/swayam/summer_project/src/install/robot_bringup/share/ament_index/resource_index/packages
symbolically linking /home/swayam/summer_project/src/build/robot_bringup/resource/robot_bringup -> /home/swayam/summer_project/src/install/robot_bringup/share/ament_index/resource_index/packages
symbolically linking /home/swayam/summer_project/src/build/robot_bringup/package.xml -> /home/swayam/summer_project/src/install/robot_bringup/share/robot_bringup
creating /home/swayam/summer_project/src/install/robot_bringup/share/robot_bringup/config
symbolically linking /home/swayam/summer_project/src/build/robot_bringup/config/gazebo_bridge.yaml -> /home/swayam/summer_project/src/install/robot_bringup/share/robot_bringup/config
symbolically linking /home/swayam/summer_project/src/build/robot_bringup/config/nav2_params.yaml -> /home/swayam/summer_project/src/install/robot_bringup/share/robot_bringup/config
creating /home/swayam/summer_project/src/install/robot_bringup/share/robot_bringup/launch
symbolically linking /home/swayam/summer_project/src/build/robot_bringup/launch/sim_launch.xml -> /home/swayam/summer_project/src/install/robot_bringup/share/robot_bringup/launch
symbolically linking /home/swayam/summer_project/src/build/robot_bringup/launch/nav_launch.py -> /home/swayam/summer_project/src/install/robot_bringup/share/robot_bringup/launch
creating /home/swayam/summer_project/src/install/robot_bringup/share/robot_bringup/worlds
symbolically linking /home/swayam/summer_project/src/build/robot_bringup/worlds/home.sdf -> /home/swayam/summer_project/src/install/robot_bringup/share/robot_bringup/worlds
creating /home/swayam/summer_project/src/install/robot_bringup/share/robot_bringup/maps
symbolically linking /home/swayam/summer_project/src/build/robot_bringup/maps/my_map.yaml -> /home/swayam/summer_project/src/install/robot_bringup/share/robot_bringup/maps
symbolically linking /home/swayam/summer_project/src/build/robot_bringup/maps/my_map.pgm -> /home/swayam/summer_project/src/install/robot_bringup/share/robot_bringup/maps
