[0.487s] DEBUG:colcon:Command line arguments: ['/usr/bin/colcon', 'build', '--symlink-install']
[0.488s] DEBUG:colcon:Parsed command line arguments: Namespace(log_base=None, log_level=None, verb_name='build', build_base='build', install_base='install', merge_install=False, symlink_install=True, test_result_base=None, continue_on_error=False, executor='parallel', parallel_workers=8, event_handlers=None, ignore_user_meta=False, metas=['./colcon.meta'], base_paths=['.'], packages_ignore=None, packages_ignore_regex=None, paths=None, packages_up_to=None, packages_up_to_regex=None, packages_above=None, packages_above_and_dependencies=None, packages_above_depth=None, packages_select_by_dep=None, packages_skip_by_dep=None, packages_skip_up_to=None, packages_select_build_failed=False, packages_skip_build_finished=False, packages_select_test_failures=False, packages_skip_test_passed=False, packages_select=None, packages_skip=None, packages_select_regex=None, packages_skip_regex=None, packages_start=None, packages_end=None, allow_overriding=[], cmake_args=None, cmake_target=None, cmake_target_skip_unavailable=False, cmake_clean_cache=False, cmake_clean_first=False, cmake_force_configure=False, ament_cmake_args=None, catkin_cmake_args=None, catkin_skip_building_tests=False, mixin_files=None, mixin=None, verb_parser=<colcon_mixin.mixin.mixin_argument.MixinArgumentDecorator object at 0x76668a98e660>, verb_extension=<colcon_core.verb.build.BuildVerb object at 0x76668a98e2d0>, main=<bound method BuildVerb.main of <colcon_core.verb.build.BuildVerb object at 0x76668a98e2d0>>, mixin_verb=('build',))
[0.696s] Level 1:colcon.colcon_core.package_discovery:discover_packages(colcon_meta) check parameters
[0.697s] Level 1:colcon.colcon_core.package_discovery:discover_packages(recursive) check parameters
[0.697s] Level 1:colcon.colcon_core.package_discovery:discover_packages(ignore) check parameters
[0.697s] Level 1:colcon.colcon_core.package_discovery:discover_packages(path) check parameters
[0.697s] Level 1:colcon.colcon_core.package_discovery:discover_packages(colcon_meta) discover
[0.697s] Level 1:colcon.colcon_core.package_discovery:discover_packages(recursive) discover
[0.698s] INFO:colcon.colcon_core.package_discovery:Crawling recursively for packages in '/home/swayam/summer_project/src'
[0.698s] Level 1:colcon.colcon_core.package_identification:_identify(.) by extensions ['ignore', 'ignore_ament_install']
[0.698s] Level 1:colcon.colcon_core.package_identification:_identify(.) by extension 'ignore'
[0.699s] Level 1:colcon.colcon_core.package_identification:_identify(.) by extension 'ignore_ament_install'
[0.699s] Level 1:colcon.colcon_core.package_identification:_identify(.) by extensions ['colcon_pkg']
[0.699s] Level 1:colcon.colcon_core.package_identification:_identify(.) by extension 'colcon_pkg'
[0.699s] Level 1:colcon.colcon_core.package_identification:_identify(.) by extensions ['colcon_meta']
[0.699s] Level 1:colcon.colcon_core.package_identification:_identify(.) by extension 'colcon_meta'
[0.699s] Level 1:colcon.colcon_core.package_identification:_identify(.) by extensions ['ros']
[0.700s] Level 1:colcon.colcon_core.package_identification:_identify(.) by extension 'ros'
[0.809s] Level 1:colcon.colcon_core.package_identification:_identify(.) by extensions ['cmake', 'python']
[0.809s] Level 1:colcon.colcon_core.package_identification:_identify(.) by extension 'cmake'
[0.810s] Level 1:colcon.colcon_core.package_identification:_identify(.) by extension 'python'
[0.810s] Level 1:colcon.colcon_core.package_identification:_identify(.) by extensions ['python_setup_py']
[0.810s] Level 1:colcon.colcon_core.package_identification:_identify(.) by extension 'python_setup_py'
[0.811s] Level 1:colcon.colcon_core.package_identification:_identify(build) by extensions ['ignore', 'ignore_ament_install']
[0.811s] Level 1:colcon.colcon_core.package_identification:_identify(build) by extension 'ignore'
[0.811s] Level 1:colcon.colcon_core.package_identification:_identify(build) ignored
[0.812s] Level 1:colcon.colcon_core.package_identification:_identify(install) by extensions ['ignore', 'ignore_ament_install']
[0.812s] Level 1:colcon.colcon_core.package_identification:_identify(install) by extension 'ignore'
[0.812s] Level 1:colcon.colcon_core.package_identification:_identify(install) ignored
[0.812s] Level 1:colcon.colcon_core.package_identification:_identify(log) by extensions ['ignore', 'ignore_ament_install']
[0.813s] Level 1:colcon.colcon_core.package_identification:_identify(log) by extension 'ignore'
[0.813s] Level 1:colcon.colcon_core.package_identification:_identify(log) ignored
[0.813s] Level 1:colcon.colcon_core.package_identification:_identify(robot_bringup) by extensions ['ignore', 'ignore_ament_install']
[0.814s] Level 1:colcon.colcon_core.package_identification:_identify(robot_bringup) by extension 'ignore'
[0.814s] Level 1:colcon.colcon_core.package_identification:_identify(robot_bringup) by extension 'ignore_ament_install'
[0.814s] Level 1:colcon.colcon_core.package_identification:_identify(robot_bringup) by extensions ['colcon_pkg']
[0.814s] Level 1:colcon.colcon_core.package_identification:_identify(robot_bringup) by extension 'colcon_pkg'
[0.814s] Level 1:colcon.colcon_core.package_identification:_identify(robot_bringup) by extensions ['colcon_meta']
[0.815s] Level 1:colcon.colcon_core.package_identification:_identify(robot_bringup) by extension 'colcon_meta'
[0.815s] Level 1:colcon.colcon_core.package_identification:_identify(robot_bringup) by extensions ['ros']
[0.815s] Level 1:colcon.colcon_core.package_identification:_identify(robot_bringup) by extension 'ros'
[0.826s] DEBUG:colcon.colcon_core.package_identification:Package 'robot_bringup' with type 'ros.ament_python' and name 'robot_bringup'
[0.827s] Level 1:colcon.colcon_core.package_identification:_identify(robot_des) by extensions ['ignore', 'ignore_ament_install']
[0.827s] Level 1:colcon.colcon_core.package_identification:_identify(robot_des) by extension 'ignore'
[0.827s] Level 1:colcon.colcon_core.package_identification:_identify(robot_des) by extension 'ignore_ament_install'
[0.827s] Level 1:colcon.colcon_core.package_identification:_identify(robot_des) by extensions ['colcon_pkg']
[0.828s] Level 1:colcon.colcon_core.package_identification:_identify(robot_des) by extension 'colcon_pkg'
[0.828s] Level 1:colcon.colcon_core.package_identification:_identify(robot_des) by extensions ['colcon_meta']
[0.828s] Level 1:colcon.colcon_core.package_identification:_identify(robot_des) by extension 'colcon_meta'
[0.828s] Level 1:colcon.colcon_core.package_identification:_identify(robot_des) by extensions ['ros']
[0.828s] Level 1:colcon.colcon_core.package_identification:_identify(robot_des) by extension 'ros'
[0.830s] DEBUG:colcon.colcon_core.package_identification:Package 'robot_des' with type 'ros.ament_python' and name 'robot_des'
[0.830s] Level 1:colcon.colcon_core.package_discovery:discover_packages(recursive) using defaults
[0.830s] Level 1:colcon.colcon_core.package_discovery:discover_packages(ignore) discover
[0.830s] Level 1:colcon.colcon_core.package_discovery:discover_packages(ignore) using defaults
[0.831s] Level 1:colcon.colcon_core.package_discovery:discover_packages(path) discover
[0.831s] Level 1:colcon.colcon_core.package_discovery:discover_packages(path) using defaults
[0.915s] Level 1:colcon.colcon_core.package_discovery:discover_packages(prefix_path) check parameters
[0.915s] Level 1:colcon.colcon_core.package_discovery:discover_packages(prefix_path) discover
[0.928s] DEBUG:colcon.colcon_installed_package_information.package_discovery:Found 6 installed packages in /home/swayam/ros2_ws/install
[0.937s] DEBUG:colcon.colcon_installed_package_information.package_discovery:Found 410 installed packages in /opt/ros/jazzy
[0.943s] Level 1:colcon.colcon_core.package_discovery:discover_packages(prefix_path) using defaults
[1.248s] Level 5:colcon.colcon_core.verb:set package 'robot_bringup' build argument 'cmake_args' from command line to 'None'
[1.248s] Level 5:colcon.colcon_core.verb:set package 'robot_bringup' build argument 'cmake_target' from command line to 'None'
[1.248s] Level 5:colcon.colcon_core.verb:set package 'robot_bringup' build argument 'cmake_target_skip_unavailable' from command line to 'False'
[1.248s] Level 5:colcon.colcon_core.verb:set package 'robot_bringup' build argument 'cmake_clean_cache' from command line to 'False'
[1.248s] Level 5:colcon.colcon_core.verb:set package 'robot_bringup' build argument 'cmake_clean_first' from command line to 'False'
[1.249s] Level 5:colcon.colcon_core.verb:set package 'robot_bringup' build argument 'cmake_force_configure' from command line to 'False'
[1.249s] Level 5:colcon.colcon_core.verb:set package 'robot_bringup' build argument 'ament_cmake_args' from command line to 'None'
[1.249s] Level 5:colcon.colcon_core.verb:set package 'robot_bringup' build argument 'catkin_cmake_args' from command line to 'None'
[1.249s] Level 5:colcon.colcon_core.verb:set package 'robot_bringup' build argument 'catkin_skip_building_tests' from command line to 'False'
[1.249s] DEBUG:colcon.colcon_core.verb:Building package 'robot_bringup' with the following arguments: {'ament_cmake_args': None, 'build_base': '/home/swayam/summer_project/src/build/robot_bringup', 'catkin_cmake_args': None, 'catkin_skip_building_tests': False, 'cmake_args': None, 'cmake_clean_cache': False, 'cmake_clean_first': False, 'cmake_force_configure': False, 'cmake_target': None, 'cmake_target_skip_unavailable': False, 'install_base': '/home/swayam/summer_project/src/install/robot_bringup', 'merge_install': False, 'path': '/home/swayam/summer_project/src/robot_bringup', 'symlink_install': True, 'test_result_base': None}
[1.250s] Level 5:colcon.colcon_core.verb:set package 'robot_des' build argument 'cmake_args' from command line to 'None'
[1.250s] Level 5:colcon.colcon_core.verb:set package 'robot_des' build argument 'cmake_target' from command line to 'None'
[1.250s] Level 5:colcon.colcon_core.verb:set package 'robot_des' build argument 'cmake_target_skip_unavailable' from command line to 'False'
[1.251s] Level 5:colcon.colcon_core.verb:set package 'robot_des' build argument 'cmake_clean_cache' from command line to 'False'
[1.251s] Level 5:colcon.colcon_core.verb:set package 'robot_des' build argument 'cmake_clean_first' from command line to 'False'
[1.251s] Level 5:colcon.colcon_core.verb:set package 'robot_des' build argument 'cmake_force_configure' from command line to 'False'
[1.251s] Level 5:colcon.colcon_core.verb:set package 'robot_des' build argument 'ament_cmake_args' from command line to 'None'
[1.251s] Level 5:colcon.colcon_core.verb:set package 'robot_des' build argument 'catkin_cmake_args' from command line to 'None'
[1.251s] Level 5:colcon.colcon_core.verb:set package 'robot_des' build argument 'catkin_skip_building_tests' from command line to 'False'
[1.251s] DEBUG:colcon.colcon_core.verb:Building package 'robot_des' with the following arguments: {'ament_cmake_args': None, 'build_base': '/home/swayam/summer_project/src/build/robot_des', 'catkin_cmake_args': None, 'catkin_skip_building_tests': False, 'cmake_args': None, 'cmake_clean_cache': False, 'cmake_clean_first': False, 'cmake_force_configure': False, 'cmake_target': None, 'cmake_target_skip_unavailable': False, 'install_base': '/home/swayam/summer_project/src/install/robot_des', 'merge_install': False, 'path': '/home/swayam/summer_project/src/robot_des', 'symlink_install': True, 'test_result_base': None}
[1.252s] INFO:colcon.colcon_core.executor:Executing jobs using 'parallel' executor
[1.255s] DEBUG:colcon.colcon_parallel_executor.executor.parallel:run_until_complete
[1.256s] INFO:colcon.colcon_ros.task.ament_python.build:Building ROS package in '/home/swayam/summer_project/src/robot_bringup' with build type 'ament_python'
[1.256s] Level 1:colcon.colcon_core.shell:create_environment_hook('robot_bringup', 'ament_prefix_path')
[1.270s] INFO:colcon.colcon_core.plugin_system:Skipping extension 'colcon_core.shell.bat': Not used on non-Windows systems
[1.271s] INFO:colcon.colcon_core.shell:Creating environment hook '/home/swayam/summer_project/src/install/robot_bringup/share/robot_bringup/hook/ament_prefix_path.ps1'
[1.275s] INFO:colcon.colcon_core.shell:Creating environment descriptor '/home/swayam/summer_project/src/install/robot_bringup/share/robot_bringup/hook/ament_prefix_path.dsv'
[1.277s] INFO:colcon.colcon_core.shell:Creating environment hook '/home/swayam/summer_project/src/install/robot_bringup/share/robot_bringup/hook/ament_prefix_path.sh'
[1.280s] INFO:colcon.colcon_core.shell:Skip shell extension 'powershell' for command environment: Not usable outside of PowerShell
[1.280s] DEBUG:colcon.colcon_core.shell:Skip shell extension 'dsv' for command environment
[1.299s] INFO:colcon.colcon_ros.task.ament_python.build:Building ROS package in '/home/swayam/summer_project/src/robot_des' with build type 'ament_python'
[1.300s] Level 1:colcon.colcon_core.shell:create_environment_hook('robot_des', 'ament_prefix_path')
[1.301s] INFO:colcon.colcon_core.shell:Creating environment hook '/home/swayam/summer_project/src/install/robot_des/share/robot_des/hook/ament_prefix_path.ps1'
[1.305s] INFO:colcon.colcon_core.shell:Creating environment descriptor '/home/swayam/summer_project/src/install/robot_des/share/robot_des/hook/ament_prefix_path.dsv'
[1.307s] INFO:colcon.colcon_core.shell:Creating environment hook '/home/swayam/summer_project/src/install/robot_des/share/robot_des/hook/ament_prefix_path.sh'
[1.311s] INFO:colcon.colcon_core.shell:Skip shell extension 'powershell' for command environment: Not usable outside of PowerShell
[1.311s] DEBUG:colcon.colcon_core.shell:Skip shell extension 'dsv' for command environment
[2.342s] INFO:colcon.colcon_core.task.python.build:Building Python package in '/home/swayam/summer_project/src/robot_bringup'
[2.343s] INFO:colcon.colcon_core.shell:Skip shell extension 'powershell' for command environment: Not usable outside of PowerShell
[2.343s] DEBUG:colcon.colcon_core.shell:Skip shell extension 'dsv' for command environment
[3.360s] INFO:colcon.colcon_core.task.python.build:Building Python package in '/home/swayam/summer_project/src/robot_des'
[3.361s] INFO:colcon.colcon_core.shell:Skip shell extension 'powershell' for command environment: Not usable outside of PowerShell
[3.361s] DEBUG:colcon.colcon_core.shell:Skip shell extension 'dsv' for command environment
[6.914s] DEBUG:colcon.colcon_core.event_handler.log_command:Invoking command in '/home/swayam/summer_project/src/build/robot_des': DEBUGINFOD_URLS=https://debuginfod.ubuntu.com PYTHONPATH=/home/swayam/summer_project/src/build/robot_des/prefix_override:/usr/lib/python3/dist-packages/colcon_core/task/python/colcon_distutils_commands:/home/swayam/summer_project/src/install/robot_des/lib/python3.12/site-packages:${PYTHONPATH} /usr/bin/python3 -W ignore:setup.py install is deprecated -W ignore:easy_install command is deprecated setup.py develop --editable --build-directory /home/swayam/summer_project/src/build/robot_des/build --no-deps symlink_data
[6.939s] DEBUG:colcon.colcon_core.event_handler.log_command:Invoking command in '/home/swayam/summer_project/src/build/robot_bringup': DEBUGINFOD_URLS=https://debuginfod.ubuntu.com PYTHONPATH=/home/swayam/summer_project/src/build/robot_bringup/prefix_override:/usr/lib/python3/dist-packages/colcon_core/task/python/colcon_distutils_commands:/home/swayam/summer_project/src/install/robot_bringup/lib/python3.12/site-packages:${PYTHONPATH} /usr/bin/python3 -W ignore:setup.py install is deprecated -W ignore:easy_install command is deprecated setup.py develop --editable --build-directory /home/swayam/summer_project/src/build/robot_bringup/build --no-deps symlink_data
[10.544s] Level 1:colcon.colcon_core.shell:create_environment_hook('robot_bringup', 'pythonpath_develop')
[10.545s] DEBUG:colcon.colcon_core.event_handler.log_command:Invoked command in '/home/swayam/summer_project/src/build/robot_bringup' returned '0': DEBUGINFOD_URLS=https://debuginfod.ubuntu.com PYTHONPATH=/home/swayam/summer_project/src/build/robot_bringup/prefix_override:/usr/lib/python3/dist-packages/colcon_core/task/python/colcon_distutils_commands:/home/swayam/summer_project/src/install/robot_bringup/lib/python3.12/site-packages:${PYTHONPATH} /usr/bin/python3 -W ignore:setup.py install is deprecated -W ignore:easy_install command is deprecated setup.py develop --editable --build-directory /home/swayam/summer_project/src/build/robot_bringup/build --no-deps symlink_data
[10.546s] INFO:colcon.colcon_core.shell:Creating environment hook '/home/swayam/summer_project/src/build/robot_bringup/share/robot_bringup/hook/pythonpath_develop.ps1'
[10.548s] INFO:colcon.colcon_core.shell:Creating environment descriptor '/home/swayam/summer_project/src/build/robot_bringup/share/robot_bringup/hook/pythonpath_develop.dsv'
[10.550s] INFO:colcon.colcon_core.shell:Creating environment hook '/home/swayam/summer_project/src/build/robot_bringup/share/robot_bringup/hook/pythonpath_develop.sh'
[10.574s] Level 1:colcon.colcon_core.environment:checking '/home/swayam/summer_project/src/install/robot_bringup' for CMake module files
[10.576s] Level 1:colcon.colcon_core.environment:checking '/home/swayam/summer_project/src/install/robot_bringup' for CMake config files
[10.579s] Level 1:colcon.colcon_core.environment:checking '/home/swayam/summer_project/src/install/robot_bringup/lib'
[10.580s] Level 1:colcon.colcon_core.environment:checking '/home/swayam/summer_project/src/install/robot_bringup/bin'
[10.580s] Level 1:colcon.colcon_core.environment:checking '/home/swayam/summer_project/src/install/robot_bringup/lib/pkgconfig/robot_bringup.pc'
[10.581s] Level 1:colcon.colcon_core.environment:checking '/home/swayam/summer_project/src/install/robot_bringup/lib/python3.12/site-packages'
[10.581s] Level 1:colcon.colcon_core.shell:create_environment_hook('robot_bringup', 'pythonpath')
[10.582s] INFO:colcon.colcon_core.shell:Creating environment hook '/home/swayam/summer_project/src/install/robot_bringup/share/robot_bringup/hook/pythonpath.ps1'
[10.584s] INFO:colcon.colcon_core.shell:Creating environment descriptor '/home/swayam/summer_project/src/install/robot_bringup/share/robot_bringup/hook/pythonpath.dsv'
[10.585s] INFO:colcon.colcon_core.shell:Creating environment hook '/home/swayam/summer_project/src/install/robot_bringup/share/robot_bringup/hook/pythonpath.sh'
[10.588s] Level 1:colcon.colcon_core.environment:checking '/home/swayam/summer_project/src/install/robot_bringup/bin'
[10.588s] Level 1:colcon.colcon_core.environment:create_environment_scripts_only(robot_bringup)
[10.589s] INFO:colcon.colcon_core.shell:Creating package script '/home/swayam/summer_project/src/install/robot_bringup/share/robot_bringup/package.ps1'
[10.594s] INFO:colcon.colcon_core.shell:Creating package descriptor '/home/swayam/summer_project/src/install/robot_bringup/share/robot_bringup/package.dsv'
[10.597s] INFO:colcon.colcon_core.shell:Creating package script '/home/swayam/summer_project/src/install/robot_bringup/share/robot_bringup/package.sh'
[10.600s] INFO:colcon.colcon_core.shell:Creating package script '/home/swayam/summer_project/src/install/robot_bringup/share/robot_bringup/package.bash'
[10.603s] INFO:colcon.colcon_core.shell:Creating package script '/home/swayam/summer_project/src/install/robot_bringup/share/robot_bringup/package.zsh'
[10.605s] Level 1:colcon.colcon_core.environment:create_file_with_runtime_dependencies(/home/swayam/summer_project/src/install/robot_bringup/share/colcon-core/packages/robot_bringup)
[10.634s] Level 1:colcon.colcon_core.shell:create_environment_hook('robot_des', 'pythonpath_develop')
[10.635s] INFO:colcon.colcon_core.shell:Creating environment hook '/home/swayam/summer_project/src/build/robot_des/share/robot_des/hook/pythonpath_develop.ps1'
[10.636s] DEBUG:colcon.colcon_core.event_handler.log_command:Invoked command in '/home/swayam/summer_project/src/build/robot_des' returned '0': DEBUGINFOD_URLS=https://debuginfod.ubuntu.com PYTHONPATH=/home/swayam/summer_project/src/build/robot_des/prefix_override:/usr/lib/python3/dist-packages/colcon_core/task/python/colcon_distutils_commands:/home/swayam/summer_project/src/install/robot_des/lib/python3.12/site-packages:${PYTHONPATH} /usr/bin/python3 -W ignore:setup.py install is deprecated -W ignore:easy_install command is deprecated setup.py develop --editable --build-directory /home/swayam/summer_project/src/build/robot_des/build --no-deps symlink_data
[10.638s] INFO:colcon.colcon_core.shell:Creating environment descriptor '/home/swayam/summer_project/src/build/robot_des/share/robot_des/hook/pythonpath_develop.dsv'
[10.639s] INFO:colcon.colcon_core.shell:Creating environment hook '/home/swayam/summer_project/src/build/robot_des/share/robot_des/hook/pythonpath_develop.sh'
[10.641s] Level 1:colcon.colcon_core.environment:checking '/home/swayam/summer_project/src/install/robot_des' for CMake module files
[10.643s] Level 1:colcon.colcon_core.environment:checking '/home/swayam/summer_project/src/install/robot_des' for CMake config files
[10.646s] Level 1:colcon.colcon_core.environment:checking '/home/swayam/summer_project/src/install/robot_des/lib'
[10.646s] Level 1:colcon.colcon_core.environment:checking '/home/swayam/summer_project/src/install/robot_des/bin'
[10.646s] Level 1:colcon.colcon_core.environment:checking '/home/swayam/summer_project/src/install/robot_des/lib/pkgconfig/robot_des.pc'
[10.647s] Level 1:colcon.colcon_core.environment:checking '/home/swayam/summer_project/src/install/robot_des/lib/python3.12/site-packages'
[10.648s] Level 1:colcon.colcon_core.shell:create_environment_hook('robot_des', 'pythonpath')
[10.648s] INFO:colcon.colcon_core.shell:Creating environment hook '/home/swayam/summer_project/src/install/robot_des/share/robot_des/hook/pythonpath.ps1'
[10.650s] INFO:colcon.colcon_core.shell:Creating environment descriptor '/home/swayam/summer_project/src/install/robot_des/share/robot_des/hook/pythonpath.dsv'
[10.651s] INFO:colcon.colcon_core.shell:Creating environment hook '/home/swayam/summer_project/src/install/robot_des/share/robot_des/hook/pythonpath.sh'
[10.654s] Level 1:colcon.colcon_core.environment:checking '/home/swayam/summer_project/src/install/robot_des/bin'
[10.655s] Level 1:colcon.colcon_core.environment:create_environment_scripts_only(robot_des)
[10.656s] INFO:colcon.colcon_core.shell:Creating package script '/home/swayam/summer_project/src/install/robot_des/share/robot_des/package.ps1'
[10.658s] INFO:colcon.colcon_core.shell:Creating package descriptor '/home/swayam/summer_project/src/install/robot_des/share/robot_des/package.dsv'
[10.660s] INFO:colcon.colcon_core.shell:Creating package script '/home/swayam/summer_project/src/install/robot_des/share/robot_des/package.sh'
[10.662s] INFO:colcon.colcon_core.shell:Creating package script '/home/swayam/summer_project/src/install/robot_des/share/robot_des/package.bash'
[10.663s] INFO:colcon.colcon_core.shell:Creating package script '/home/swayam/summer_project/src/install/robot_des/share/robot_des/package.zsh'
[10.664s] Level 1:colcon.colcon_core.environment:create_file_with_runtime_dependencies(/home/swayam/summer_project/src/install/robot_des/share/colcon-core/packages/robot_des)
[10.666s] DEBUG:colcon.colcon_parallel_executor.executor.parallel:closing loop
[10.668s] DEBUG:colcon.colcon_parallel_executor.executor.parallel:loop closed
[10.668s] DEBUG:colcon.colcon_parallel_executor.executor.parallel:run_until_complete finished with '0'
[10.669s] DEBUG:colcon.colcon_core.event_reactor:joining thread
[10.699s] INFO:colcon.colcon_core.plugin_system:Skipping extension 'colcon_notification.desktop_notification.terminal_notifier': Not used on non-Darwin systems
[10.699s] INFO:colcon.colcon_core.plugin_system:Skipping extension 'colcon_notification.desktop_notification.win32': Not used on non-Windows systems
[10.699s] INFO:colcon.colcon_notification.desktop_notification:Sending desktop notification using 'notify2'
[10.743s] DEBUG:colcon.colcon_core.event_reactor:joined thread
[10.744s] INFO:colcon.colcon_core.shell:Creating prefix script '/home/swayam/summer_project/src/install/local_setup.ps1'
[10.747s] INFO:colcon.colcon_core.shell:Creating prefix util module '/home/swayam/summer_project/src/install/_local_setup_util_ps1.py'
[10.752s] INFO:colcon.colcon_core.shell:Creating prefix chain script '/home/swayam/summer_project/src/install/setup.ps1'
[10.758s] INFO:colcon.colcon_core.shell:Creating prefix script '/home/swayam/summer_project/src/install/local_setup.sh'
[10.760s] INFO:colcon.colcon_core.shell:Creating prefix util module '/home/swayam/summer_project/src/install/_local_setup_util_sh.py'
[10.762s] INFO:colcon.colcon_core.shell:Creating prefix chain script '/home/swayam/summer_project/src/install/setup.sh'
[10.768s] INFO:colcon.colcon_core.shell:Creating prefix script '/home/swayam/summer_project/src/install/local_setup.bash'
[10.770s] INFO:colcon.colcon_core.shell:Creating prefix chain script '/home/swayam/summer_project/src/install/setup.bash'
[10.775s] INFO:colcon.colcon_core.shell:Creating prefix script '/home/swayam/summer_project/src/install/local_setup.zsh'
[10.778s] INFO:colcon.colcon_core.shell:Creating prefix chain script '/home/swayam/summer_project/src/install/setup.zsh'
